[    0.000000] Initializing cgroup subsys cpuset
[    0.000000] Initializing cgroup subsys cpu
[    0.000000] Initializing cgroup subsys cpuacct
[    0.000000] Linux version 4.4.0-92-generic (buildd@lgw01-15) (gcc version 5.4.0 20160609 (Ubuntu 5.4.0-6ubuntu1~16.04.4) ) #115-Ubuntu SMP Thu Aug 10 16:02:55 UTC 2017 (Ubuntu 4.4.0-92.115-generic 4.4.76)
[    0.000000] KERNEL supported cpus:
[    0.000000]   Intel GenuineIntel
[    0.000000]   AMD AuthenticAMD
[    0.000000]   NSC Geode by NSC
[    0.000000]   Cyrix CyrixInstead
[    0.000000]   Centaur CentaurHauls
[    0.000000]   Transmeta GenuineTMx86
[    0.000000]   Transmeta TransmetaCPU
[    0.000000]   UMC UMC UMC UMC
[    0.000000] x86/fpu: xstate_offset[2]:  576, xstate_sizes[2]:  256
[    0.000000] x86/fpu: Supporting XSAVE feature 0x01: 'x87 floating point registers'
[    0.000000] x86/fpu: Supporting XSAVE feature 0x02: 'SSE registers'
[    0.000000] x86/fpu: Supporting XSAVE feature 0x04: 'AVX registers'
[    0.000000] x86/fpu: Enabled xstate features 0x7, context size is 832 bytes, using 'standard' format.
[    0.000000] x86/fpu: Using 'lazy' FPU context switches.
[    0.000000] e820: BIOS-provided physical RAM map:
[    0.000000] BIOS-e820: [mem 0x0000000000000000-0x000000000009fbff] usable
[    0.000000] BIOS-e820: [mem 0x000000000009fc00-0x000000000009ffff] reserved
[    0.000000] BIOS-e820: [mem 0x00000000000f0000-0x00000000000fffff] reserved
[    0.000000] BIOS-e820: [mem 0x0000000000100000-0x000000003ffeffff] usable
[    0.000000] BIOS-e820: [mem 0x000000003fff0000-0x000000003fffffff] ACPI data
[    0.000000] BIOS-e820: [mem 0x00000000fec00000-0x00000000fec00fff] reserved
[    0.000000] BIOS-e820: [mem 0x00000000fee00000-0x00000000fee00fff] reserved
[    0.000000] BIOS-e820: [mem 0x00000000fffc0000-0x00000000ffffffff] reserved
[    0.000000] NX (Execute Disable) protection: active
[    0.000000] SMBIOS 2.5 present.
[    0.000000] Hypervisor detected: KVM
[    0.000000] e820: last_pfn = 0x3fff0 max_arch_pfn = 0x1000000
[    0.000000] MTRR: Disabled
[    0.000000] x86/PAT: MTRRs disabled, skipping PAT initialization too.
[    0.000000] x86/PAT: Configuration [0-7]: WB  WT  UC- UC  WB  WT  UC- UC  
[    0.000000] CPU MTRRs all blank - virtualized system.
[    0.000000] found SMP MP-table at [mem 0x0009fff0-0x0009ffff] mapped at [c009fff0]
[    0.000000] Scanning 1 areas for low memory corruption
[    0.000000] RAMDISK: [mem 0x36358000-0x371a3fff]
[    0.000000] ACPI: Early table checksum verification disabled
[    0.000000] ACPI: RSDP 0x00000000000E0000 000024 (v02 VBOX  )
[    0.000000] ACPI: XSDT 0x000000003FFF0030 00003C (v01 VBOX   VBOXXSDT 00000001 ASL  00000061)
[    0.000000] ACPI: FACP 0x000000003FFF00F0 0000F4 (v04 VBOX   VBOXFACP 00000001 ASL  00000061)
[    0.000000] ACPI: DSDT 0x000000003FFF0470 0021C8 (v02 VBOX   VBOXBIOS 00000002 INTL 20160108)
[    0.000000] ACPI: FACS 0x000000003FFF0200 000040
[    0.000000] ACPI: FACS 0x000000003FFF0200 000040
[    0.000000] ACPI: APIC 0x000000003FFF0240 00005C (v02 VBOX   VBOXAPIC 00000001 ASL  00000061)
[    0.000000] ACPI: SSDT 0x000000003FFF02A0 0001CC (v01 VBOX   VBOXCPUT 00000002 INTL 20160108)
[    0.000000] 131MB HIGHMEM available.
[    0.000000] 891MB LOWMEM available.
[    0.000000]   mapped low ram: 0 - 37bfe000
[    0.000000]   low ram: 0 - 37bfe000
[    0.000000] kvm-clock: Using msrs 4b564d01 and 4b564d00
[    0.000000] kvm-clock: cpu 0, msr 0:37bfd001, primary cpu clock
[    0.000000] kvm-clock: using sched offset of 3551741453 cycles
[    0.000000] clocksource: kvm-clock: mask: 0xffffffffffffffff max_cycles: 0x1cd42e4dffb, max_idle_ns: 881590591483 ns
[    0.000000] Zone ranges:
[    0.000000]   DMA      [mem 0x0000000000001000-0x0000000000ffffff]
[    0.000000]   Normal   [mem 0x0000000001000000-0x0000000037bfdfff]
[    0.000000]   HighMem  [mem 0x0000000037bfe000-0x000000003ffeffff]
[    0.000000] Movable zone start for each node
[    0.000000] Early memory node ranges
[    0.000000]   node   0: [mem 0x0000000000001000-0x000000000009efff]
[    0.000000]   node   0: [mem 0x0000000000100000-0x000000003ffeffff]
[    0.000000] Initmem setup node 0 [mem 0x0000000000001000-0x000000003ffeffff]
[    0.000000] Using APIC driver default
[    0.000000] ACPI: PM-Timer IO Port: 0x4008
[    0.000000] IOAPIC[0]: apic_id 2, version 32, address 0xfec00000, GSI 0-23
[    0.000000] ACPI: INT_SRC_OVR (bus 0 bus_irq 0 global_irq 2 dfl dfl)
[    0.000000] ACPI: INT_SRC_OVR (bus 0 bus_irq 9 global_irq 9 high level)
[    0.000000] Using ACPI (MADT) for SMP configuration information
[    0.000000] smpboot: Allowing 2 CPUs, 0 hotplug CPUs
[    0.000000] PM: Registered nosave memory: [mem 0x00000000-0x00000fff]
[    0.000000] PM: Registered nosave memory: [mem 0x0009f000-0x0009ffff]
[    0.000000] PM: Registered nosave memory: [mem 0x000a0000-0x000effff]
[    0.000000] PM: Registered nosave memory: [mem 0x000f0000-0x000fffff]
[    0.000000] e820: [mem 0x40000000-0xfebfffff] available for PCI devices
[    0.000000] Booting paravirtualized kernel on KVM
[    0.000000] clocksource: refined-jiffies: mask: 0xffffffff max_cycles: 0xffffffff, max_idle_ns: 7645519600211568 ns
[    0.000000] setup_percpu: NR_CPUS:8 nr_cpumask_bits:8 nr_cpu_ids:2 nr_node_ids:1
[    0.000000] PERCPU: Embedded 19 pages/cpu @f71b0000 s47436 r0 d30388 u77824
[    0.000000] PV qspinlock hash table entries: 512 (order: 0, 4096 bytes)
[    0.000000] Built 1 zonelists in Zone order, mobility grouping on.  Total pages: 259800
[    0.000000] Kernel command line: BOOT_IMAGE=/boot/vmlinuz-4.4.0-92-generic root=UUID=e426a046-f732-473e-ad77-1956034d5f89 ro console=tty1 console=ttyS0
[    0.000000] PID hash table entries: 4096 (order: 2, 16384 bytes)
[    0.000000] Dentry cache hash table entries: 131072 (order: 7, 524288 bytes)
[    0.000000] Inode-cache hash table entries: 65536 (order: 6, 262144 bytes)
[    0.000000] Initializing CPU#0
[    0.000000] Initializing HighMem for node 0 (00037bfe:0003fff0)
[    0.000000] Initializing Movable for node 0 (00000000:00000000)
[    0.000000] Memory: 1008296K/1048120K available (7963K kernel code, 766K rwdata, 3164K rodata, 940K init, 800K bss, 39824K reserved, 0K cma-reserved, 135112K highmem)
[    0.000000] virtual kernel memory layout:
[    0.000000]     fixmap  : 0xfff15000 - 0xfffff000   ( 936 kB)
[    0.000000]     pkmap   : 0xffc00000 - 0xffe00000   (2048 kB)
[    0.000000]     vmalloc : 0xf83fe000 - 0xffbfe000   ( 120 MB)
[    0.000000]     lowmem  : 0xc0000000 - 0xf7bfe000   ( 891 MB)
[    0.000000]       .init : 0xc1ba1000 - 0xc1c8c000   ( 940 kB)
[    0.000000]       .data : 0xc17c710b - 0xc1b9fb40   (3938 kB)
[    0.000000]       .text : 0xc1000000 - 0xc17c710b   (7964 kB)
[    0.000000] Checking if this processor honours the WP bit even in supervisor mode...Ok.
[    0.000000] SLUB: HWalign=64, Order=0-3, MinObjects=0, CPUs=2, Nodes=1
[    0.000000] Hierarchical RCU implementation.
[    0.000000] 	Build-time adjustment of leaf fanout to 32.
[    0.000000] 	RCU restricting CPUs from NR_CPUS=8 to nr_cpu_ids=2.
[    0.000000] RCU: Adjusting geometry for rcu_fanout_leaf=32, nr_cpu_ids=2
[    0.000000] NR_IRQS:2304 nr_irqs:440 16
[    0.000000] Console: colour VGA+ 80x25
[    0.000000] console [tty1] enabled
[    0.000000] console [ttyS0] enabled
[    0.000000] allocated 1048576 bytes of page_ext
[    0.000000] tsc: Detected 2593.994 MHz processor
[    0.592216] Calibrating delay loop (skipped) preset value.. 5187.98 BogoMIPS (lpj=10375976)
[    0.632171] pid_max: default: 32768 minimum: 301
[    0.641183] ACPI: Core revision 20150930
[    0.647107] ACPI: 2 ACPI AML tables successfully acquired and loaded
[    0.677653] Security Framework initialized
[    0.691322] Yama: becoming mindful.
[    0.691953] AppArmor: AppArmor initialized
[    0.692645] Mount-cache hash table entries: 2048 (order: 1, 8192 bytes)
[    0.706372] Mountpoint-cache hash table entries: 2048 (order: 1, 8192 bytes)
[    0.727535] Initializing cgroup subsys io
[    0.732484] Initializing cgroup subsys memory
[    0.741470] Initializing cgroup subsys devices
[    0.757127] Initializing cgroup subsys freezer
[    0.787268] Initializing cgroup subsys net_cls
[    0.826059] Initializing cgroup subsys perf_event
[    0.841867] Initializing cgroup subsys net_prio
[    0.842904] Initializing cgroup subsys hugetlb
[    0.843939] Initializing cgroup subsys pids
[    0.845011] CPU: Physical Processor ID: 0
[    0.862634] CPU: Processor Core ID: 0
[    0.865365] mce: CPU supports 0 MCE banks
[    0.876430] Last level iTLB entries: 4KB 1024, 2MB 1024, 4MB 1024
[    0.887787] Last level dTLB entries: 4KB 1024, 2MB 1024, 4MB 1024, 1GB 4
[    0.892013] Freeing SMP alternatives memory: 28K (c1c8c000 - c1c93000)
[    0.904262] ftrace: allocating 31412 entries in 62 pages
[    0.949878] smpboot: APIC(0) Converting physical 0 to logical package 0
[    0.966540] smpboot: Max logical packages: 1
[    0.972911] Enabling APIC mode:  Flat.  Using 1 I/O APICs
[    1.013805] ..TIMER: vector=0x30 apic1=0 pin1=2 apic2=-1 pin2=-1
[    1.191648] smpboot: CPU0: Intel(R) Core(TM) i7-4510U CPU @ 2.00GHz (family: 0x6, model: 0x45, stepping: 0x1)
[    1.199304] Performance Events: unsupported p6 CPU model 69 no PMU driver, software events only.
[    1.201479] KVM setup paravirtual spinlock
[    1.203509] x86: Booting SMP configuration:
[    1.224091] .... node  #0, CPUs:      #1
[1266874886.157810] Initializing CPU#1
[    1.264205] kvm-clock: cpu 1, msr 0:37bfd041, secondary cpu clock
[    1.270029] mce: CPU supports 0 MCE banks
[    1.274307] x86: Booted up 1 node, 2 CPUs
[    1.296362] smpboot: Total of 2 processors activated (10375.97 BogoMIPS)
[    1.350682] devtmpfs: initialized
[    1.366050] evm: security.selinux
[    1.399944] evm: security.SMACK64
[    1.408053] evm: security.SMACK64EXEC
[    1.442817] evm: security.SMACK64TRANSMUTE
[    1.475741] evm: security.SMACK64MMAP
[    1.500040] evm: security.ima
[    1.504074] evm: security.capability
[    1.505129] clocksource: jiffies: mask: 0xffffffff max_cycles: 0xffffffff, max_idle_ns: 7645041785100000 ns
[    1.507827] futex hash table entries: 512 (order: 3, 32768 bytes)
[    1.509012] pinctrl core: initialized pinctrl subsystem
[    1.547128] RTC time:  4:24:38, date: 08/19/17
[    1.552818] NET: Registered protocol family 16
[    1.555588] EISA bus registered
[    1.568191] cpuidle: using governor ladder
[    1.611601] cpuidle: using governor menu
[    1.619938] PCCT header not found.
[    1.620933] ACPI: bus type PCI registered
[    1.635853] acpiphp: ACPI Hot Plug PCI Controller Driver version: 0.5
[    1.637488] PCI : PCI BIOS area is rw and x. Use pci=nobios if you want it NX.
[    1.639179] PCI: PCI BIOS revision 2.10 entry at 0xfda26, last bus=0
[    1.640483] PCI: Using configuration type 1 for base access
[    1.684911] ACPI: Added _OSI(Module Device)
[    1.702912] ACPI: Added _OSI(Processor Device)
[    1.703690] ACPI: Added _OSI(3.0 _SCP Extensions)
[    1.704515] ACPI: Added _OSI(Processor Aggregator Device)
[    1.706064] ACPI: Executed 1 blocks of module-level executable AML code
[    1.709961] ACPI: Interpreter enabled
[    1.711765] ACPI: (supports S0 S5)
[    1.712427] ACPI: Using IOAPIC for interrupt routing
[    1.713411] PCI: Using host bridge windows from ACPI; if necessary, use "pci=nocrs" and report a bug
[    1.719292] ACPI: PCI Root Bridge [PCI0] (domain 0000 [bus 00-ff])
[    1.729442] acpi PNP0A03:00: _OSC: OS supports [ASPM ClockPM Segments MSI]
[    1.738932] acpi PNP0A03:00: _OSC failed (AE_NOT_FOUND); disabling ASPM
[    1.745523] acpi PNP0A03:00: fail to add MMCONFIG information, can't access extended PCI configuration space under this bridge.
[    1.747573] PCI host bridge to bus 0000:00
[    1.752146] pci_bus 0000:00: root bus resource [io  0x0000-0x0cf7 window]
[    1.753220] pci_bus 0000:00: root bus resource [io  0x0d00-0xffff window]
[    1.754274] pci_bus 0000:00: root bus resource [mem 0x000a0000-0x000bffff window]
[    1.755592] pci_bus 0000:00: root bus resource [mem 0x40000000-0xffdfffff window]
[    1.756934] pci_bus 0000:00: root bus resource [bus 00-ff]
[    1.793376] pci 0000:00:01.1: legacy IDE quirk: reg 0x10: [io  0x01f0-0x01f7]
[    1.826569] pci 0000:00:01.1: legacy IDE quirk: reg 0x14: [io  0x03f6]
[    1.918708] pci 0000:00:01.1: legacy IDE quirk: reg 0x18: [io  0x0170-0x0177]
[    1.995979] pci 0000:00:01.1: legacy IDE quirk: reg 0x1c: [io  0x0376]
[    2.061213] pci 0000:00:07.0: quirk: [io  0x4000-0x403f] claimed by PIIX4 ACPI
[    2.113302] pci 0000:00:07.0: quirk: [io  0x4100-0x410f] claimed by PIIX4 SMB
[    2.134469] ACPI: PCI Interrupt Link [LNKA] (IRQs 5 9 10 *11)
[    2.156232] ACPI: PCI Interrupt Link [LNKB] (IRQs 5 9 10 *11)
[    2.167659] ACPI: PCI Interrupt Link [LNKC] (IRQs 5 9 *10 11)
[    2.202645] ACPI: PCI Interrupt Link [LNKD] (IRQs 5 *9 10 11)
[    2.207329] ACPI: Enabled 2 GPEs in block 00 to 07
[    2.209013] vgaarb: setting as boot device: PCI:0000:00:02.0
[    2.210231] vgaarb: device added: PCI:0000:00:02.0,decodes=io+mem,owns=io+mem,locks=none
[    2.217333] vgaarb: loaded
[    2.218089] vgaarb: bridge control possible 0000:00:02.0
[    2.221179] SCSI subsystem initialized
[    2.227646] ACPI: bus type USB registered
[    2.255657] usbcore: registered new interface driver usbfs
[    2.262374] usbcore: registered new interface driver hub
[    2.263579] usbcore: registered new device driver usb
[    2.265106] PCI: Using ACPI for IRQ routing
[    2.266428] NetLabel: Initializing
[    2.267292] NetLabel:  domain hash size = 128
[    2.268308] NetLabel:  protocols = UNLABELED CIPSOv4
[    2.269373] NetLabel:  unlabeled traffic allowed by default
[    2.270833] amd_nb: Cannot enumerate AMD northbridges
[    2.275280] clocksource: Switched to clocksource kvm-clock
[    2.309186] AppArmor: AppArmor Filesystem Enabled
[    2.315637] pnp: PnP ACPI init
[    2.317416] pnp: PnP ACPI: found 3 devices
[    2.318386] PnPBIOS: Disabled by ACPI PNP
[    2.360570] clocksource: acpi_pm: mask: 0xffffff max_cycles: 0xffffff, max_idle_ns: 2085701024 ns
[    2.367900] NET: Registered protocol family 2
[    2.369193] TCP established hash table entries: 8192 (order: 3, 32768 bytes)
[    2.376913] TCP bind hash table entries: 8192 (order: 4, 65536 bytes)
[    2.378244] TCP: Hash tables configured (established 8192 bind 8192)
[    2.379559] UDP hash table entries: 512 (order: 2, 16384 bytes)
[    2.380840] UDP-Lite hash table entries: 512 (order: 2, 16384 bytes)
[    2.382149] NET: Registered protocol family 1
[    2.383173] pci 0000:00:00.0: Limiting direct PCI/PCI transfers
[    2.384463] pci 0000:00:01.0: Activating ISA DMA hang workarounds
[    2.418195] Unpacking initramfs...
[    2.659923] Freeing initrd memory: 14640K (f6358000 - f71a4000)
[    2.786127] RAPL PMU detected, API unit is 2^-32 Joules, 4 fixed counters 10737418240 ms ovfl timer
[    2.834456] hw unit of domain pp0-core 2^-0 Joules
[    2.835612] hw unit of domain package 2^-0 Joules
[    2.836693] hw unit of domain dram 2^-0 Joules
[    2.837716] hw unit of domain pp1-gpu 2^-0 Joules
[    2.838870] platform rtc_cmos: registered platform RTC device (no PNP device found)
[    2.840696] Scanning for low memory corruption every 60 seconds
[    2.842434] audit: initializing netlink subsys (disabled)
[    2.843631] audit: type=2000 audit(1503116682.634:1): initialized
[    2.845317] Initialise system trusted keyring
[    2.850326] HugeTLB registered 2 MB page size, pre-allocated 0 pages
[    2.853475] zbud: loaded
[    2.856490] VFS: Disk quotas dquot_6.6.0
[    2.857498] VFS: Dquot-cache hash table entries: 1024 (order 0, 4096 bytes)
[    2.859204] squashfs: version 4.0 (2009/01/31) Phillip Lougher
[    2.860831] fuse init (API version 7.23)
[    2.861916] Key type big_key registered
[    2.862868] Allocating IMA MOK and blacklist keyrings.
[    2.865344] Key type asymmetric registered
[    2.916508] Asymmetric key parser 'x509' registered
[    2.921692] bounce: pool size: 64 pages
[    2.922701] Block layer SCSI generic (bsg) driver version 0.4 loaded (major 249)
[    3.237694] io scheduler noop registered
[    3.336675] io scheduler deadline registered (dffault)
[    3.456036] io scheduler cfq registered
[    3.546164] pci_hotplug: PCI Hot Plug PCI Core version: 0.5
[    3.796296] pciehp: PCI Express Hot Plug Controller Driver version: 0.4
[    3.945668] tsc: Refined TSC clocksource calibration: 2595.974 MHz
[    4.066116] clocksource: tsc: mask: 0xffffffffffffffff max_cycles: 0x256b60b3b65, max_idle_ns: 440795220076 ns
[    4.066308] ACPI: AC Adapter [AC] (on-line)
[    4.066356] input: Power Button as /devices/LNXSYSTM:00/LNXPWRBN:00/input/input0
[    4.066359] ACPI: Power Button [PWRF]
[    4.066410] input: Sleep Button as /devices/LNXSYSTM:00/LNXSLPBN:00/input/input1
[    4.066411] ACPI: Sleep Button [SLPF]
[    4.066585] GHES: HEST is not enabled!
[    4.267494] ACPI: Battery Slot [BAT0] (battery present)
[    4.267525] isapnp: Scanning for PnP cards...
[    4.273108] Serial: 8250/16550 driver, 32 ports, IRQ sharing enabled
[    4.390490] 00:02: ttyS0 at I/O 0x3f8 (irq = 4, base_baud = 115200) is a 16550A
[    4.594498] Linux agpgart interface v0.103
[    4.821607] loop: module loaded
[    4.849837] scsi host0: ata_piix
[    4.856312] scsi host1: ata_piix
[    4.866205] ata1: PATA max UDMA/33 cmd 0x1f0 ctl 0x3f6 bmdma 0xd000 irq 14
[    4.866854] isapnp: No Plug & Play device found
[    4.877377] ata2: PATA max UDMA/33 cmd 0x170 ctl 0x376 bmdma 0xd008 irq 15
[    4.878566] libphy: Fixed MDIO Bus: probed
[    4.879718] tun: Universal TUN/TAP device driver, 1.6
[    4.904263] tun: (C) 1999-2004 Max Krasnyansky <maxk@qualcomm.com>
[    4.974520] PPP generic driver version 2.4.2
[    5.004831] ehci_hcd: USB 2.0 'Enhanced' Host Controller (EHCI) Driver
[    5.066456] ehci-pci: EHCI PCI platform driver
[    5.120910] ehci-platform: EHCI generic platform driver
[    5.200455] ohci_hcd: USB 1.1 'Open' Host Controller (OHCI) Driver
[    5.276838] ohci-pci: OHCI PCI platform driver
[    5.290975] ohci-platform: OHCI generic platform driver
[    5.327750] uhci_hcd: USB Universal Host Controller Interface driver
[    5.381005] i8042: PNP: PS/2 Controller [PNP0303:PS2K,PNP0f03:PS2M] at 0x60,0x64 irq 1,12
[    5.434028] serio: i8042 KBD port at 0x60,0x64 irq 1
[    5.440433] serio: i8042 AUX port at 0x60,0x64 irq 12
[    5.457371] mousedev: PS/2 mouse device common for all mice
[    5.477157] rtc_cmos rtc_cmos: rtc core: registered rtc_cmos as rtc0
[    5.487756] input: AT Translated Set 2 keyboard as /devices/platform/i8042/serio0/input/input2
[    5.536328] rtc_cmos rtc_cmos: alarms up to one day, 114 bytes nvram
[    5.547910] i2c /dev entries driver
[    5.556315] device-mapper: uevent: version 1.0.3
[    5.566190] device-mapper: ioctl: 4.34.0-ioctl (2015-10-28) initialised: dm-devel@redhat.com
[    5.577995] platform eisa.0: Probing EISA bus 0
[    5.588027] platform eisa.0: EISA: Cannot allocate resource for mainboard
[    5.593859] platform eisa.0: Cannot allocate resource for EISA slot 1
[    5.594884] platform eisa.0: Cannot allocate resource for EISA slot 2
[    5.595933] platform eisa.0: Cannot allocate resource for EISA slot 3
[    5.597024] platform eisa.0: Cannot allocate resource for EISA slot 4
[    5.602579] platform eisa.0: Cannot allocate resource for EISA slot 5
[    5.603614] platform eisa.0: Cannot allocate resource for EISA slot 6
[    5.604658] platform eisa.0: Cannot allocate resource for EISA slot 7
[    5.636147] platform eisa.0: Cannot allocate resource for EISA slot 8
[    5.637171] platform eisa.0: EISA: Detected 0 cards
[    5.737132] cpufreq-nforce2: No nForce2 chipset.
[    5.810751] ledtrig-cpu: registered to indicate activity on CPUs
[    5.949634] NET: Registered protocol family 10
[    5.996543] NET: Registered protocol family 17
[    5.997272] Key type dns_resolver registered
[    6.046860] microcode: CPU0 sig=0x40651, pf=0x40, revision=0x0
[    6.082962] microcode: CPU1 sig=0x40651, pf=0x40, revision=0x0
[    6.146554] microcode: Microcode Update Driver: v2.01 <tigran@aivazian.fsnet.co.uk>, Peter Oruba
[    6.154766] Using IPI No-Shortcut mode
[    6.168582] registered taskstats version 1
[    6.171842] Loading compiled-in X.509 certificates
[    6.175033] Loaded X.509 cert 'Build time autogenerated kernel key: d5d4a29c169fcf0485ebb390c41caa852557e982'
[    6.187252] zswap: loaded using pool lzo/zbud
[    6.198253] Key type trusted registered
[    6.300791] Key type encrypted registered
[    6.455948] AppArmor: AppArmor sha1 policy hashing enabled
[    6.696074] ima: No TPM chip found, activating TPM-bypass!
[    6.716065] evm: HMAC attrs: 0x1
[    6.776229]   Magic number: 13:236:414
[    6.796070] rtc_cmos rtc_cmos: setting system coock to 2017-08-19 04:24:43 UTC (1503116683)
[    7.047062] BIOS EDD facility v0.16 2004-Jun-25, 0 devices found
[    7.066842] EDD information not available.
[    7.068499] Freeing unused kernel memory: 940K (c1ba1000 - c1c8c000)
[    7.069966] Write protecting the kernel text: 7968k
[    7.071126] Write protecting the kernel read-only data: 3168k
[    7.072376] NX-protecting the kernel data: 6368k
Loading, please wait...
starting version[    7.090057] random: systemd-udevd: uninitialized urandom read (16 bytes read, 0 bits of entropy available)
 229
[    7.090427] random: udevadm: uninitialized urandom read (16 bytes read, 0 bits of entropy available)
[    7.090472] random: udevadm: uninitialized urandom read (16 bytes read, 0 bits of entropy available)
[    7.090606] random: udevadm: uninitialized urandom read (16 bytes read, 0 bits of entropy available)
[    7.090655] random: udevadm: uninitialized urandom read (16 bytes read, 0 bits of entropy available)
[    7.090700] random: udevadm: uninitialized urandom read (16 bytes read, 0 bits of entropy available)
[    7.090752] random: udevadm: uninitialized urandom read (16 bytes read, 0 bits of entropy available)
[    7.090797] random: udevadm: uninitialized urandom read (16 bytes read, 0 bits of entropy available)
[    7.090841] random: udevadm: uninitialized urandom read (16 bytes read, 0 bits of entropy available)
[    7.090885] random: udevadm: uninitialized urandom read (16 bytes read, 0 bits of entropy available)
[    7.193807] Fusion MPT base driver 3.04.20
[    7.226311] Copyright (c) 1999-2008 LSI Corporation
[    7.231848] e1000: Intel(R) PRO/1000 Network Driver - version 7.3.21-k8-NAPI
[    7.246718] e1000: Copyright (c) 1999-2006 Intel Corporation.
[    7.328831] Fusion MPT SPI Host driver 3.04.20
[    7.388359] mptbase: ioc0: Initiating bringup
[    7.467641] ioc0: LSI53C1030 A0: Capabilities={Initiator}
[    7.518620] input: ImExPS/2 Generic Explorer Mouse as /devices/platform/i8042/serio1/input/input4
[    7.697560] scsi host2: ioc0: LSI53C1030 A0, FwRev=00000000h, Ports=1, MaxQ=256, IRQ=20
[    7.816245] scsi 2:0:0:0: Direct-Access     VBOX     HARDDISK         1.0  PQ: 0 ANSI: 5
[    7.823567] scsi target2:0:0: Beginning Domain Validation
[    7.831397] scsi target2:0:0: Domain Validation skipping write tests
[    7.855015] scsi target2:0:0: Ending Domain Validation
[    7.856326] scsi target2:0:0: asynchronous
[    7.863460] scsi 2:0:1:0: Direct-Access     VBOX     HARDDISK         1.0  PQ: 0 ANSI: 5
[    7.870711] scsi target2:0:1: Beginning Domain Validation
[    7.874597] scsi target2:0:1: Domain Validation skipping write tests
[    7.881347] scsi target2:0:1: Ending Domain Validation
[    7.882592] scsi target2:0:1: asynchronous
[    7.896069] sd 2:0:0:0: Attached scsi generic sg0 type 0
[    7.901655] sd 2:0:0:0: [sda] 20971520 512-byte logical blocks: (10.7 GB/10.0 GiB)
[    7.906064] sd 2:0:0:0: [sda] Write Protect is off
[    7.910197] sd 2:0:0:0: [sda] Incomplete mode parameter data
[    7.910198] sd 2:0:0:0: [sda] Assuming drive cache: write through
[    7.923803] sd 2:0:1:0: Attached scsi generic sg1 type 0
[    7.930309] sd 2:0:1:0: [sdb] 20480 512-byte logical blocks: (10.5 MB/10.0 MiB)
[    7.932511] sd 2:0:1:0: [sdb] Write Protect is off
[    7.934956] sd 2:0:1:0: [sdb] Incomplete mode parameter data
[    7.950161] sd 2:0:1:0: [sdb] Assuming drive cache: write through
[    7.981471]  sda: sda1
[    7.988550] sd 2:0:0:0: [sda] Attached SCSI disk
[    8.009776] sd 2:0:1:0: [sdb] Attached SCSI disk
[    8.162532] e1000 0000:00:03.0 eth0: (PCI:33MHz:32-bit) 02:e8:9d:07:dd:a8
[    8.174713] e1000 0000:00:03.0 eth0: Intel(R) PRO/1000 Network Connection
[    8.177217] e1000 0000:00:03.0 enp0s3: renamed from eth0
[   10.403459] floppy0: no floppy controllers found
Begin: Loading e[   11.741528] md: linear personality registered for level -1
ssential drivers ... [   11.795364] md: multipath personality registered for level -4
[   11.864802] md: raid0 personality registered for level 0
[   11.917943] md: raid1 personality registered for level 1
[   12.059338] raid6: mmxx1    gen()  4120 MB/s
[   12.147308] raid6: mmxx2    gen()  5370 MB/s
[   12.219325] raid6: sse1x1   gen()  4596 MB/s
[   12.291321] raid6: sse1x2   gen()  5696 MB/s
[   12.363322] raid6: sse2x1   gen()  9411 MB/s
[   12.435312] raid6: sse2x1   xor()  7006 MB/s
[   12.515330] raid6: sse2x2   gen() 11372 MB/s
[   12.587319] raid6: sse2x2   xor()  7611 MB/s
[   12.593607] raid6: using algorithm sse2x2 gen() 11372 MB/s
[   12.594773] raid6: .... xor() 7611 MB/s, rmw enabled
[   12.595906] raid6: using ssse3x1 recovery algorithm
[   12.600583] xor: automatically using best checksumming function:
[   12.665636]    avx       : 48734.000 MB/sec
[   12.728573] async_tx: api initialized (async)
[   12.763339] md: raid6 personality registered for level 6
[   12.796755] md: raid5 personality registered for level 5
[   12.797906] md: raid4 personality registered for level 4
[   12.807057] md: raid10 personality registered for level 10
done.
Begin: Running /scripts/init-premount ... done.
Begin: Mounting root file system ... Begin: Running /scripts/local-top ... done.
Begin: Running /scripts/local-premount ... [   12.856542] Btrfs loaded
Scanning for Btrfs filesystems
done.
Warning: fsck not present, so skipping root file system
[   12.930904] EXT4-fs (sda1): mounted filesystem with ordered data mode. Opts: (null)
done.
Begin: Running /scripts/local-bottom ... done.
Begin: Running /scripts/init-bottom ... done.
[   13.899261] random: nonblocking pool is initialized
[   14.153072] systemd[1]: systemd 229 running in system mode. (+PAM +AUDIT +SELINUX +IMA +APPARMOR +SMACK +SYSVINIT +UTMP +LIBCRYPTSETUP +GCRYPT +GNUTLS +ACL +XZ -LZ4 +SECCOMP +BLKID +ELFUTILS +KMOD -IDN)
[   14.208033] systemd[1]: Detected virtualization oracle.
[   14.209726] systemd[1]: Detected architecture x86.

Welcome to [1mUbuntu 16.04.2 LTS[0m!

[   14.247493] systemd[1]: Set hostname to <ubuntu-xenial>.
[   15.686007] systemd[1]: Reached target Swap.
[[0;32m  OK  [0m] Reached target Swap.
[   15.747573] systemd[1]: Listening on /dev/initctl Compatibility Named Pipe.
[[0;32m  OK  [0m] Listening on /dev/initctl Compatibility Named Pipe.
[   15.799761] systemd[1]: Created slice User and Session Slice.
[[0;32m  OK  [0m] Created slice User and Session Slice.
[   15.850413] systemd[1]: Started Forward Password Requests to Wall Directory Watch.
[[0;32m  OK  [0m] Started Forward Password Requests to Wall Directory Watch.
[   15.899418] systemd[1]: Listening on LVM2 poll daemon socket.
[[0;32m  OK  [0m] Listening on LVM2 poll daemon socket.
[   15.952947] systemd[1]: Reached target Encrypted Volumes.
[[0;32m  OK  [0m] Reached target Encrypted Volumes.
[   15.956511] systemd[1]: Set up automount Arbitrary Executable File Formats File System Automount Point.
[[0;32m  OK  [0m] Set up automount Arbitrary Executab...ats File System Automount Point.
[   15.962208] systemd[1]: Listening on Journal Audit Socket.
[[0;32m  OK  [0m] Listening on Journal Audit Socket.
[   15.968538] systemd[1]: Listening on udev Control Socket.
[[0;32m  OK  [0m] Listening on udev Control Socket.
[   16.031888] systemd[1]: Created slice System Slice.
[[0;32m  OK  [0m] Created slice System Slice.
[   16.064350] systemd[1]: Reached target Slices.
[[0;32m  OK  [0m] Reached target Slices.
[   16.072446] systemd[1]: Created slice system-serial\x2dgetty.slice.
[[0;32m  OK  [0m] Created slice system-serial\x2dgetty.slice.
[   16.110733] systemd[1]: Listening on Syslog Socket.
[[0;32m  OK  [0m] Listening on Syslog Socket.
[   16.132764] systemd[1]: Listening on Device-mapper event daemon FIFOs.
[[0;32m  OK  [0m] Listening on Device-mapper event daemon FIFOs.
[   16.164116] systemd[1]: Listening on LVM2 metadata daemon socket.
[[0;32m  OK  [0m] Listening on LVM2 metadata daemon socket.
[   16.235157] systemd[1]: Listening on udev Kernel Socket.
[[0;32m  OK  [0m] Listening on udev Kernel Socket.
[   16.271434] systemd[1]: Started Trigger resolvconf update for networkd DNS.
[[0;32m  OK  [0m] Started Trigger resolvconf update for networkd DNS.
[   16.282574] systemd[1]: Listening on Journal Socket (/dev/log).
[[0;32m  OK  [0m] Listening on Journal Socket (/dev/log).
[   16.298104] systemd[1]: Reached target User and Group Name Lookups.
[[0;32m  OK  [0m] Reached target User and Group Name Lookups.
[   16.328978] systemd[1]: Listening on Journal Socket.
[[0;32m  OK  [0m] Listening on Journal Socket.
[   16.415593] systemd[1]: Starting Load Kernel Modules...
         Starting Load Kernel Modules...
[   16.440388] systemd[1]: Mounting Huge Pages File System...
         Mounting Huge Pages File System...
[   16.523654] systemd[1]: Starting Set console keymap...
         Starting Set console keymap...
[   16.568369] systemd[1]: Mounting POSIX Message Queue File System...
         Mounting POSIX Message Queue File System...
[   16.612803] systemd[1]: Starting Journal Service...
         Starting Journal Service...
[   16.649913] systemd[1]: Starting Monitoring of LVM2 mirrors, snapshots etc. using dmeventd or progress polling...
         Starting Monitoring of LVM2 mirrors... dmeventd or progress polling...
[   16.684689] systemd[1]: Starting Nameserver information manager...
         Starting Nameserver inf[   16.717271] Loading iSCSI transport class v2.0-870.
ormation manager...
[   16.724580] systemd[1]: Starting Uncomplicated firewall...
         Starting Uncomplicated firewall...
[   16.823407] systemd[1]: Mounting Debug File System...
         Mounting Debug File System...
[   16.850597] systemd[1]: Starting Remount Root and Kernel File Systems...
         Starting Remount Root and Kernel File Systems...
[   16.891714] systemd[1]: Starting Create list of required static device nodes for the current kernel...
         Starting Create list of required st... nodes for the current kernel...
[   16.911930] systemd[1]: Mounted Huge Pages File System.
[[0;32m  OK  [0m] Mounted Huge[   16.942341] EXT4-fs (sda1): re-mounted. Opts: (null)
 Pages File System.
[   16.944818] systemd[1]: Mounted POSIX Message Queue File System.
[[0;32m  OK  [0m] Mounted POSIX Message Queue File System.
[   16.983565] systemd[1]: Mounted Debug File System.
[[0;32m  OK  [[   17.025540] iscsi: registered transport (tcp)
0m] Mounted Debug File System.
[   17.092208] systemd[1]: Started Uncomplicated firewall.
[[0;32m  OK  [0m] Started Uncomplicated firewall.
[   17.113936] systemd[1]: Started Remount Root and Kernel File Systems.
[[0;32m  OK  [0m] Started Remount Root and Kernel File Systems.
[   17.128893] systemd[1]: Started Create list of required static device nodes for the current kernel.
[[0;32m  OK  [0m] Started Create list of required sta...ce nodes for the current kernel.
[   17.205911] systemd[1]: Started Nameserver information manager.
[[0;32m  OK  [0m] Started Nameserver information manager.
[   17.368276] systemd[1]: Started Set console keymap.
[[0;32m  OK  [0m] Started Set console keymap.
[   17.408750] systemd[1]: Started Journal Service.
[[0;32m  OK  [0m] Started Journal Service.
[   17.470278] iscsi: registered transport (iser)
[[0;32m  OK  [0m] Started LVM2 metadata daemon.
         Starting Create Static Device Nodes in /dev...
         Starting Flush Journal to Persistent Storage...
         Starting Load/Save Random Seed...
         Starting Initial cloud-init job (pre-networking)...
         Starting udev Coldplug all Devices...
[[0;32m  OK  [0m] Started Load Kernel Modules.
[[0;32m  OK  [0m] Started Load/Save Random Seed.
         Mounting FUSE Control File System...
         Starting Apply Kernel Variables...
[[0;32m  OK  [0m] Mounted FUSE Control File System.
[   17.759589] systemd-journald[379]: Received request to flush runtime journal from PID 1
[[0;32m  OK  [0m] Started Flush Journal to Persistent Storage.
[[0;32m  OK  [0m] Started udev Coldplug all Devices.
[[0;32m  OK  [0m] Started Apply Kernel Variables.
[[0;32m  OK  [0m] Started Monitoring of LVM2 mirrors,...ng dmeventd or progress polling.
[[0;32m  OK  [0m] Started Create Static Device Nodes in /dev.
         Starting udev Kernel Device Manager...
[[0;32m  OK  [0m] Started udev Kernel Device Manager.
[[0;32m  OK  [0m] Reached target Local File Systems (Pre).
[[0;32m  OK  [0m] Reached target Local File Systems.
         Starting Create Volatile Files and Directories...
         Starting Tell Plymouth To Write Out Runtime Data...
         Starting Set console font and keymap...
         Starting LSB: AppArmor initialization...
[[0;32m  OK  [0m] Started Dispatch Password Requests to Console Directory Watch.
[[0;32m  OK  [0m] Started Tell Plymouth To Write Out Runtime Data.
[[0;32m  OK  [0m] Found device /dev/ttyS0.
[[0;32m  OK  [0m] Started Create Volatile Files and Directories.
         Starting Update UTMP about System Boot/Shutdown...
[[0;32m  OK  [0m] Reached target System Time Synchronized.
[[0;32m  OK  [0m] Started Update UTMP about System Boot/Shutdown.
[[0;32m  OK  [0m] Found device 82540EM Gigabit Ethern...r (PRO/1000 MT Desktop Adapter).
[[0;32m  OK  [0m] Started Set console font and keymap.
[[0;32m  OK  [0m] Created slice system-getty.slice.
[[0;32m  OK  [0m] Listening on Load/Save RF Kill Switch Status /dev/rfkill Watch.
[[0;32m  OK  [0m] Started LSB: AppArmor initialization.
[   22.114970] cloud-init[440]: Cloud-init v. 0.7.9 running 'init-local' at Sat, 19 Aug 2017 04:25:00 +0000. Up 21.54 seconds.
[[0;32m  OK  [0m] Started Initial cloud-init job (pre-networking).
[[0;32m  OK  [0m] Reached target Network (Pre).
         Starting Raise network interfaces...
[[0;32m  OK  [0m] Started ifup for enp0s3.
[[0;32m  OK  [0m] Started Raise network interfaces.
         Starting Initial cloud-init job (metadata service crawler)...
[[0;32m  OK  [0m] Reached target Network.
[   23.723140] cloud-init[959]: Cloud-init v. 0.7.9 running 'init' at Sat, 19 Aug 2017 04:25:01 +0000. Up 23.13 seconds.
[   23.766148] cloud-init[959]: ci-info: +++++++++++++++++++++++++++++++++++++Net device info++++++++++++++++++++++++++++++++++++++
[   23.769238] cloud-init[959]: ci-info: +--------+------+----------------------------+---------------+-------+-------------------+
[[0;32m  OK  [0m] Started Initial cloud-init job (metadata service crawler).
[   23.786918] cloud-init[959]: ci-info: | Device |  Up  |          Address           |      Mask     | Scope |     Hw-Address    |
[[0;32m  OK  [0m] Reached target Cloud-config availability.
[   23.803941] [cloud-init[0;32m  OK  [0m[959]: ] ci-info: +--------+------+----------------------------+---------------+-------+-------------------+Reached target Network is Online.

[   23.839392] cloud-init[959]: ci-info: | enp0s3 | True |         10.0.2.15          | 255.255.255.0 |   .   | 02:e8:9d:07:dd:a8 |
[   23.863610] cloud-init[959]: ci-info: | enp0s3 | True | fe80::e8:9dff:fe07:dda8/64 |       .       |  link | 02:e8:9d:07:dd:a8 |
[   23.866055] cloud-init[959]: ci-info: |   lo   | True |         127.0.0.1          |   255.0.0.0   |   .   |         .         |
[   23.868461] cloud-init[959]: ci-info: |   lo   | True |          ::1/128           |       .       |  host |         .         |
[   23.870819] cloud-init[959]: ci-info: +--------+------+----------------------------+---------------+-------+-------------------+         Starting iSCSI initiator daemon (iscsid)...
[[0;32m  OK  [0m] Reached target System Initialization.
[[0;32m  OK  [0m] Started Daily Cleanup of Temporary Directories.
         Starting Socket activation for snappy daemon.

[   23.877269] cloud-init[959]: ci-info: +++++++++++++++++++++++++++Route IPv4 info++++++++++++++++++++++++++++
[   23.879919] cloud-init[959]: ci-info: +-------+-------------+----------+---------------+-----------+-------+
[   23.882612] cloud-init[959]: ci-info: | Route | Destination | Gateway  |    Genmask    | Interface | Flags |
[   23.885232] cloud-init[959]: ci-info: +-------+-------------+----------+---------------+-----------+-------+
[   23.907986] cloud-init[959]: ci-info: |   0   |   0.0.0.0   | 10.0.2.2 |    0.0.0.0    |   enp0s3  |   UG  |
[   23.920190]          cloud-initStarting LXD - unix socket.[959]: 
ci-info: |   1   |   10.0.2.0  | 0.0.0.0  | 255.255.255.0 |   enp0s3  |   U   |
[   23.925006] [cloud-init[0;32m  OK  [0m[959]: ] ci-info: +-------+-------------+----------+---------------+-----------+-------+Listening on ACPID Listen Socket.

[[0;32m  OK  [0m] Listening on D-Bus System Message Bus Socket.
[[0;32m  OK  [0m] Listening on UUID daemon activation socket.
[[0;32m  OK  [0m] Started Daily apt activities.
[[0;32m  OK  [0m] Started ACPI Events Check.
[[0;32m  OK  [0m] Reached target Paths.
[[0;32m  OK  [0m] Started Timer to automatically refresh installed snaps.
[[0;32m  OK  [0m] Reached target Timers.
[[0;32m  OK  [0m] Listening on Socket activation for snappy daemon.
[[0;32m  OK  [0m] Listening on LXD - unix socket.
[[0;32m  OK  [0m] Reached target Sockets.
[[0;32m  OK  [0m] Reached target Basic System.
[[0;32m  OK  [0m] Started FUSE filesystem for LXC.
         Starting LSB: MD monitoring daemon...
[[0;32m  OK  [0m] Started Deferred execution scheduler.
[[0;32m  OK  [0m] Started Regular background program processing daemon.
[[0;32m  OK  [0m] Started D-Bus System Message Bus.
         Starting LSB: Record successful boot for GRUB...
[[0;32m  OK  [0m] Started Unattended Upgrades Shutdown.
         Starting /etc/rc.local Compatibility...
         Starting System Logging Service...
         Starting Apply the settings specified in cloud-config...
         Starting LXD - container startup/shutdown...
[[0;32m  OK  [0m] Started Snappy daemon.
[[0;32m  OK  [0m] Started ACPI event daemon.
         Starting vboxadd.service...
         Starting MySQL Community Server...
         Starting OpenBSD Secure Shell server...
         Starting vboxadd-x11.service...
         Starting Login Service...
         Starting Accounts Service...
         Starting Auto import assertions from block devices...
[[0;32m  OK  [0m] Started iSCSI initiator daemon (iscsid).
[[0;32m  OK  [0m] Started /etc/rc.local Compatibility.
[[0;32m  OK  [0m] Started Auto import assertions from block devices.
         Starting Login to default iSCSI targets...
[[0;32m  OK  [0m] Started System Logging Service.
[[0;32m  OK  [0m] Started Login to default iSCSI targets.
[[0;32m  OK  [0m] Reached target Remote File Systems (Pre).
[[0;32m  OK  [0m] Reached target Remote File Systems.
         Starting LSB: Set the CPU Frequency Scaling governor to "ondemand"...
         Starting Permit User Sessions...
         Starting LSB: daemon to balance interrupts for SMP systems...
         Starting LSB: automatic crash report generation...
[[0;32m  OK  [0m] Started Login Service.
[[0;32m  OK  [0m] Started LSB: Set the CPU Frequency Scaling governor to "ondemand".
[[0;32m  OK  [0m] Started Permit User Sessions.
         Starting Hold until boot process finishes up...
         Starting Terminate Plymouth Boot Screen...
[[0;32m  OK  [0m] Started LSB: MD monitoring daemon.
[[0;32m  OK  [0m] Started Hold until boot process finishes up.
[[0;32m  OK  [0m] Started Terminate Plymouth Boot Screen.
[[0;32m  OK  [0m] Started Getty on tty1.
         Starting Set console scheme...
[[0;32m  OK  [0m] Started Serial Getty on ttyS0.
[[0;32m  OK  [0m] Reached target Login Prompts.
[[0;32m  OK  [0m] Started vboxadd-x11.service.
[[0;32m  OK  [0m] Started Set console scheme.
[[0;32m  OK  [0m] Started LSB: daemon to balance interrupts for SMP systems.
[[0;32m  OK  [0m] Started LSB: Record successful boot for GRUB.
[   26.533645] cloud-init[1039]: Cloud-init v. 0.7.9 running 'modules:config' at Sat, 19 Aug 2017 04:25:03 +0000. Up 24.86 seconds.
[[0;32m  OK  [0m] Started Apply the settings specified in cloud-config.
[[0;32m  OK  [0m] Started LSB: automatic crash report generation.
         Starting Authenticate and Authorize Users to Run Privileged Tasks...
[[0;32m  OK  [0m] Started OpenBSD Secure Shell server.
[[0;32m  OK  [0m] Started vboxadd.service.
         Starting vboxadd-service.service...
[[0;32m  OK  [0m] Started Authenticate and Authorize Users to Run Privileged Tasks.
[[0;32m  OK  [0m] Started Accounts Service.
[[0;32m  OK  [0m] Started vboxadd-service.service.
[[0;32m  OK  [0m] Created slice User Slice of ubuntu.
         Starting User Manager for UID 1000...
[[0;32m  OK  [0m] Started Session 1 of user ubuntu.
[[0;32m  OK  [0m] Started LXD - container startup/shutdown.
[[0;32m  OK  [0m] Started User Manager for UID 1000.

Ubuntu 16.04.2 LTS ubuntu-xenial ttyS0

ubuntu-xenial login: [   34.399115] cloud-init[1578]: Cloud-init v. 0.7.9 running 'modules:final' at Sat, 19 Aug 2017 04:25:12 +0000. Up 34.24 seconds.
[   34.399384] cloud-init[1578]: Cloud-init v. 0.7.9 finished at Sat, 19 Aug 2017 04:25:12 +0000. Datasource DataSourceNoCloud [seed=/dev/sdb][dsmode=net].  Up 34.38 seconds
